MO seg_disp NULL seg_disp.v vlg4A/seg__disp.bin 1545893739
MO vga_disp NULL vga_disp.v vlg25/vga__disp.bin 1542867106
MO main NULL main.v vlg2D/main.bin 1545893739
MO clockdiv NULL clockdiv.v vlg67/clockdiv.bin 1545893739
MO game_cont NULL game_cont.v vlg09/game__cont.bin 1545893739
MO vga_disp_dino NULL vga_disp_dino.v vlg42/vga__disp__dino.bin 1545893739
